

================================================================
== Vivado HLS Report for 'Filter2D'
================================================================
* Date:           Sat Dec  8 21:08:01 2018

* Version:        2018.2 (Build 2258646 on Thu Jun 14 20:25:20 MDT 2018)
* Project:        EdgeDetection
* Solution:       solution1
* Product family: artix7
* Target device:  xc7a200tsbg484-1


================================================================
== Performance Estimates
================================================================
+ Timing (ns): 
    * Summary: 
    +--------+-------+----------+------------+
    |  Clock | Target| Estimated| Uncertainty|
    +--------+-------+----------+------------+
    |ap_clk  |  10.00|    10.858|        1.25|
    +--------+-------+----------+------------+

+ Latency (clock cycles): 
    * Summary: 
    +--------+--------+--------+--------+---------+
    |     Latency     |     Interval    | Pipeline|
    |   min  |   max  |   min  |   max  |   Type  |
    +--------+--------+--------+--------+---------+
    |  930659|  930659|  930659|  930659|   none  |
    +--------+--------+--------+--------+---------+

    + Detail: 
        * Instance: 
        N/A

        * Loop: 
        +---------------+--------+--------+----------+-----------+-----------+------+----------+
        |               |     Latency     | Iteration|  Initiation Interval  | Trip |          |
        |   Loop Name   |   min  |   max  |  Latency |  achieved |   target  | Count| Pipelined|
        +---------------+--------+--------+----------+-----------+-----------+------+----------+
        |- loop_height  |  930658|  930658|      1289|          -|          -|   722|    no    |
        | + loop_width  |    1286|    1286|         6|          1|          1|  1282|    yes   |
        +---------------+--------+--------+----------+-----------+-----------+------+----------+



================================================================
== Utilization Estimates
================================================================
* Summary: 
+-----------------+---------+-------+--------+--------+
|       Name      | BRAM_18K| DSP48E|   FF   |   LUT  |
+-----------------+---------+-------+--------+--------+
|DSP              |        -|      2|       -|       -|
|Expression       |        -|      0|       0|     847|
|FIFO             |        -|      -|       -|       -|
|Instance         |        -|      -|       0|      90|
|Memory           |        3|      -|       0|       0|
|Multiplexer      |        -|      -|       -|     111|
|Register         |        0|      -|     483|      64|
+-----------------+---------+-------+--------+--------+
|Total            |        3|      2|     483|    1112|
+-----------------+---------+-------+--------+--------+
|Available        |      730|    740|  269200|  129000|
+-----------------+---------+-------+--------+--------+
|Utilization (%)  |    ~0   |   ~0  |   ~0   |   ~0   |
+-----------------+---------+-------+--------+--------+

+ Detail: 
    * Instance: 
    +--------------------------+----------------------+---------+-------+---+----+
    |         Instance         |        Module        | BRAM_18K| DSP48E| FF| LUT|
    +--------------------------+----------------------+---------+-------+---+----+
    |image_filter_mux_hbi_U52  |image_filter_mux_hbi  |        0|      0|  0|  15|
    |image_filter_mux_hbi_U53  |image_filter_mux_hbi  |        0|      0|  0|  15|
    |image_filter_mux_hbi_U54  |image_filter_mux_hbi  |        0|      0|  0|  15|
    |image_filter_mux_hbi_U55  |image_filter_mux_hbi  |        0|      0|  0|  15|
    |image_filter_mux_hbi_U56  |image_filter_mux_hbi  |        0|      0|  0|  15|
    |image_filter_mux_hbi_U57  |image_filter_mux_hbi  |        0|      0|  0|  15|
    +--------------------------+----------------------+---------+-------+---+----+
    |Total                     |                      |        0|      0|  0|  90|
    +--------------------------+----------------------+---------+-------+---+----+

    * DSP48: 
    +--------------------------+----------------------+--------------+
    |         Instance         |        Module        |  Expression  |
    +--------------------------+----------------------+--------------+
    |image_filter_mac_pcA_U58  |image_filter_mac_pcA  | i0 + i1 * i2 |
    |image_filter_mac_qcK_U59  |image_filter_mac_qcK  | i0 * i1 + i2 |
    +--------------------------+----------------------+--------------+

    * Memory: 
    +-----------------+----------------------+---------+---+----+------+-----+------+-------------+
    |      Memory     |        Module        | BRAM_18K| FF| LUT| Words| Bits| Banks| W*Bits*Banks|
    +-----------------+----------------------+---------+---+----+------+-----+------+-------------+
    |k_buf_0_val_3_U  |Filter2D_1_k_buf_eOg  |        1|  0|   0|  1280|    8|     1|        10240|
    |k_buf_0_val_4_U  |Filter2D_1_k_buf_eOg  |        1|  0|   0|  1280|    8|     1|        10240|
    |k_buf_0_val_5_U  |Filter2D_1_k_buf_eOg  |        1|  0|   0|  1280|    8|     1|        10240|
    +-----------------+----------------------+---------+---+----+------+-----+------+-------------+
    |Total            |                      |        3|  0|   0|  3840|   24|     3|        30720|
    +-----------------+----------------------+---------+---+----+------+-----+------+-------------+

    * FIFO: 
    N/A

    * Expression: 
    +----------------------------------+----------+-------+---+----+------------+------------+
    |           Variable Name          | Operation| DSP48E| FF| LUT| Bitwidth P0| Bitwidth P1|
    +----------------------------------+----------+-------+---+----+------------+------------+
    |r_V_8_1_2_fu_1075_p2              |     *    |      0|  0|  42|           4|           8|
    |r_V_8_1_fu_1050_p2                |     *    |      0|  0|  42|           3|           8|
    |r_V_8_2_1_fu_1107_p2              |     *    |      0|  0|  42|           3|           8|
    |r_V_8_2_fu_1094_p2                |     *    |      0|  0|  42|           2|           8|
    |ImagLoc_x_fu_692_p2               |     +    |      0|  0|  19|           2|          12|
    |i_V_fu_378_p2                     |     +    |      0|  0|  17|          10|           1|
    |j_V_fu_670_p2                     |     +    |      0|  0|  18|          11|           1|
    |p_Val2_2_fu_1195_p2               |     +    |      0|  0|   8|           8|           8|
    |p_Val2_4_fu_1177_p2               |     +    |      0|  0|   8|          12|          12|
    |p_Val2_89_1_1_fu_1066_p2          |     +    |      0|  0|  19|          12|          12|
    |p_assign_6_1_fu_510_p2            |     +    |      0|  0|  18|           3|          11|
    |p_assign_6_2_fu_536_p2            |     +    |      0|  0|  18|           3|          11|
    |tmp3_fu_1170_p2                   |     +    |      0|  0|   8|          12|          12|
    |tmp4_fu_1129_p2                   |     +    |      0|  0|  18|          11|          11|
    |tmp5_fu_1119_p2                   |     +    |      0|  0|  17|          10|          10|
    |tmp6_fu_1135_p2                   |     +    |      0|  0|   8|           8|           8|
    |tmp7_fu_1191_p2                   |     +    |      0|  0|   8|           8|           8|
    |tmp8_fu_1141_p2                   |     +    |      0|  0|  15|           8|           8|
    |tmp_31_fu_622_p2                  |     +    |      0|  0|  10|           1|           2|
    |tmp_38_fu_1084_p2                 |     +    |      0|  0|   8|           8|           8|
    |tmp_39_cast_fu_440_p2             |     +    |      0|  0|  10|           2|           2|
    |tmp_7_fu_434_p2                   |     +    |      0|  0|  18|           2|          11|
    |p_assign_1_fu_732_p2              |     -    |      0|  0|  19|           1|          12|
    |p_assign_2_fu_756_p2              |     -    |      0|  0|  19|          12|          12|
    |p_assign_7_fu_480_p2              |     -    |      0|  0|  18|           1|          11|
    |p_assign_8_fu_504_p2              |     -    |      0|  0|  12|           3|           2|
    |r_V_8_fu_1004_p2                  |     -    |      0|  0|  16|           1|           9|
    |tmp_62_fu_590_p2                  |     -    |      0|  0|  12|           3|           2|
    |ap_block_state8_pp0_stage0_iter5  |    and   |      0|  0|   2|           1|           1|
    |ap_condition_359                  |    and   |      0|  0|   2|           1|           1|
    |ap_condition_365                  |    and   |      0|  0|   2|           1|           1|
    |ap_predicate_op159_read_state5    |    and   |      0|  0|   2|           1|           1|
    |ap_predicate_op170_read_state5    |    and   |      0|  0|   2|           1|           1|
    |or_cond_i424_i_fu_466_p2          |    and   |      0|  0|   2|           1|           1|
    |or_cond_i_fu_809_p2               |    and   |      0|  0|   2|           1|           1|
    |or_cond_i_i_fu_718_p2             |    and   |      0|  0|   2|           1|           1|
    |overflow_fu_1222_p2               |    and   |      0|  0|   2|           1|           1|
    |sel_tmp8_fu_786_p2                |    and   |      0|  0|   2|           1|           1|
    |exitcond388_i_fu_664_p2           |   icmp   |      0|  0|  13|          11|          11|
    |exitcond389_i_fu_372_p2           |   icmp   |      0|  0|  13|          10|          10|
    |icmp2_fu_686_p2                   |   icmp   |      0|  0|  13|          10|           1|
    |icmp_fu_406_p2                    |   icmp   |      0|  0|  13|           9|           1|
    |not_i_i_i_fu_1216_p2              |   icmp   |      0|  0|   9|           4|           1|
    |tmp_10_fu_460_p2                  |   icmp   |      0|  0|  13|          11|          10|
    |tmp_13_fu_498_p2                  |   icmp   |      0|  0|  13|          11|          10|
    |tmp_18_fu_712_p2                  |   icmp   |      0|  0|  13|          12|          11|
    |tmp_20_fu_750_p2                  |   icmp   |      0|  0|  13|          12|          11|
    |tmp_2_fu_412_p2                   |   icmp   |      0|  0|  13|          10|           1|
    |tmp_3_fu_424_p2                   |   icmp   |      0|  0|  13|          10|          10|
    |tmp_419_1_fu_418_p2               |   icmp   |      0|  0|  13|          10|           1|
    |tmp_s_fu_384_p2                   |   icmp   |      0|  0|  13|          10|          10|
    |ap_block_pp0_stage0_01001         |    or    |      0|  0|   2|           1|           1|
    |ap_block_state5_pp0_stage0_iter2  |    or    |      0|  0|   2|           1|           1|
    |brmerge_fu_804_p2                 |    or    |      0|  0|   2|           1|           1|
    |sel_tmp7_fu_780_p2                |    or    |      0|  0|   2|           1|           1|
    |tmp_i_i_91_fu_1236_p2             |    or    |      0|  0|   2|           1|           1|
    |col_buf_0_val_0_0_fu_859_p3       |  select  |      0|  0|   8|           1|           8|
    |col_buf_0_val_1_0_fu_878_p3       |  select  |      0|  0|   8|           1|           8|
    |col_buf_0_val_2_0_fu_897_p3       |  select  |      0|  0|   8|           1|           8|
    |p_Val2_s_fu_1242_p3               |  select  |      0|  0|   8|           1|           8|
    |p_assign_3_fu_762_p3              |  select  |      0|  0|  12|           1|          12|
    |p_mux_i_i_cast_fu_1228_p3         |  select  |      0|  0|   2|           1|           2|
    |p_p2_i425_i_fu_486_p3             |  select  |      0|  0|  11|           1|          11|
    |p_p2_i425_i_p_assign_8_fu_562_p3  |  select  |      0|  0|   2|           1|           2|
    |p_p2_i_i_fu_738_p3                |  select  |      0|  0|  12|           1|          12|
    |src_kernel_win_0_va_23_fu_951_p3  |  select  |      0|  0|   8|           1|           8|
    |src_kernel_win_0_va_24_fu_969_p3  |  select  |      0|  0|   8|           1|           8|
    |src_kernel_win_0_va_25_fu_987_p3  |  select  |      0|  0|   8|           1|           8|
    |tmp_29_fu_608_p3                  |  select  |      0|  0|   2|           1|           2|
    |tmp_33_fu_646_p3                  |  select  |      0|  0|   2|           1|           2|
    |tmp_36_fu_600_p3                  |  select  |      0|  0|   2|           1|           2|
    |tmp_37_fu_638_p3                  |  select  |      0|  0|   2|           1|           2|
    |x_fu_792_p3                       |  select  |      0|  0|  13|           1|          13|
    |y_1_fu_570_p3                     |  select  |      0|  0|   2|           1|           2|
    |ap_enable_pp0                     |    xor   |      0|  0|   2|           1|           2|
    |col_assign_3_t_fu_842_p2          |    xor   |      0|  0|   2|           2|           2|
    |rev2_fu_706_p2                    |    xor   |      0|  0|   2|           1|           2|
    |rev_fu_454_p2                     |    xor   |      0|  0|   2|           1|           2|
    |row_assign_10_0_t_fu_578_p2       |    xor   |      0|  0|   2|           2|           2|
    |row_assign_10_1_t_fu_616_p2       |    xor   |      0|  0|   2|           2|           2|
    |row_assign_10_2_t_fu_654_p2       |    xor   |      0|  0|   2|           2|           2|
    |tmp_18_not_fu_774_p2              |    xor   |      0|  0|   2|           1|           2|
    |tmp_27_fu_584_p2                  |    xor   |      0|  0|   3|           2|           3|
    |tmp_375_0_not_fu_390_p2           |    xor   |      0|  0|   2|           1|           2|
    |tmp_64_fu_628_p2                  |    xor   |      0|  0|   2|           2|           2|
    |tmp_i_i_fu_1210_p2                |    xor   |      0|  0|   2|           1|           2|
    +----------------------------------+----------+-------+---+----+------------+------------+
    |Total                             |          |      0|  0| 847|         345|         474|
    +----------------------------------+----------+-------+---+----+------------+------------+

    * Multiplexer: 
    +---------------------------+----+-----------+-----+-----------+
    |            Name           | LUT| Input Size| Bits| Total Bits|
    +---------------------------+----+-----------+-----+-----------+
    |ap_NS_fsm                  |  27|          5|    1|          5|
    |ap_enable_reg_pp0_iter3    |   9|          2|    1|          2|
    |ap_enable_reg_pp0_iter5    |   9|          2|    1|          2|
    |k_buf_0_val_4_d1           |  15|          3|    8|         24|
    |k_buf_0_val_5_d1           |  15|          3|    8|         24|
    |p_dst_data_stream_V_blk_n  |   9|          2|    1|          2|
    |p_src_data_stream_V_blk_n  |   9|          2|    1|          2|
    |t_V_2_reg_333              |   9|          2|   11|         22|
    |t_V_reg_322                |   9|          2|   10|         20|
    +---------------------------+----+-----------+-----+-----------+
    |Total                      | 111|         23|   42|        103|
    +---------------------------+----+-----------+-----+-----------+

    * Register: 
    +------------------------------------+----+----+-----+-----------+
    |                Name                | FF | LUT| Bits| Const Bits|
    +------------------------------------+----+----+-----+-----------+
    |OP2_V_0_1_cast_reg_1341             |  10|   0|   10|          0|
    |OP2_V_0_2_cast_reg_1346             |  10|   0|   10|          0|
    |OP2_V_1_2_cast_reg_1356             |   4|   0|   12|          8|
    |OP2_V_1_cast_reg_1351               |  11|   0|   11|          0|
    |OP2_V_2_1_cast_reg_1366             |   3|   0|   11|          8|
    |OP2_V_2_cast_reg_1361               |  10|   0|   10|          0|
    |ap_CS_fsm                           |   4|   0|    4|          0|
    |ap_enable_reg_pp0_iter0             |   1|   0|    1|          0|
    |ap_enable_reg_pp0_iter1             |   1|   0|    1|          0|
    |ap_enable_reg_pp0_iter2             |   1|   0|    1|          0|
    |ap_enable_reg_pp0_iter3             |   1|   0|    1|          0|
    |ap_enable_reg_pp0_iter4             |   1|   0|    1|          0|
    |ap_enable_reg_pp0_iter5             |   1|   0|    1|          0|
    |brmerge_reg_1447                    |   1|   0|    1|          0|
    |brmerge_reg_1447_pp0_iter1_reg      |   1|   0|    1|          0|
    |exitcond388_i_reg_1424              |   1|   0|    1|          0|
    |i_V_reg_1375                        |  10|   0|   10|          0|
    |icmp_reg_1389                       |   1|   0|    1|          0|
    |k_buf_0_val_3_addr_reg_1458         |  11|   0|   11|          0|
    |k_buf_0_val_4_addr_reg_1464         |  11|   0|   11|          0|
    |k_buf_0_val_5_addr_reg_1470         |  11|   0|   11|          0|
    |or_cond_i_i_reg_1433                |   1|   0|    1|          0|
    |or_cond_i_i_reg_1433_pp0_iter1_reg  |   1|   0|    1|          0|
    |or_cond_i_reg_1454                  |   1|   0|    1|          0|
    |p_Val2_89_0_1_reg_1494              |  11|   0|   11|          0|
    |p_Val2_89_1_1_reg_1499              |  12|   0|   12|          0|
    |p_Val2_s_reg_1529                   |   8|   0|    8|          0|
    |r_V_8_1_2_reg_1504                  |  12|   0|   12|          0|
    |right_border_buf_0_14_fu_188        |   8|   0|    8|          0|
    |right_border_buf_0_15_fu_192        |   8|   0|    8|          0|
    |right_border_buf_0_16_fu_196        |   8|   0|    8|          0|
    |right_border_buf_0_17_fu_200        |   8|   0|    8|          0|
    |right_border_buf_0_18_fu_204        |   8|   0|    8|          0|
    |right_border_buf_0_s_fu_184         |   8|   0|    8|          0|
    |row_assign_10_0_t_reg_1409          |   2|   0|    2|          0|
    |row_assign_10_1_t_reg_1414          |   2|   0|    2|          0|
    |row_assign_10_2_t_reg_1419          |   2|   0|    2|          0|
    |src_kernel_win_0_va_18_fu_164       |   8|   0|    8|          0|
    |src_kernel_win_0_va_19_fu_168       |   8|   0|    8|          0|
    |src_kernel_win_0_va_20_fu_172       |   8|   0|    8|          0|
    |src_kernel_win_0_va_21_fu_176       |   8|   0|    8|          0|
    |src_kernel_win_0_va_22_fu_180       |   8|   0|    8|          0|
    |src_kernel_win_0_va_23_reg_1476     |   8|   0|    8|          0|
    |src_kernel_win_0_va_24_reg_1483     |   8|   0|    8|          0|
    |src_kernel_win_0_va_25_reg_1489     |   8|   0|    8|          0|
    |src_kernel_win_0_va_fu_160          |   8|   0|    8|          0|
    |t_V_2_reg_333                       |  11|   0|   11|          0|
    |t_V_reg_322                         |  10|   0|   10|          0|
    |tmp4_reg_1514                       |  11|   0|   11|          0|
    |tmp6_reg_1519                       |   8|   0|    8|          0|
    |tmp8_reg_1524                       |   8|   0|    8|          0|
    |tmp_2_reg_1394                      |   1|   0|    1|          0|
    |tmp_375_0_not_reg_1384              |   1|   0|    1|          0|
    |tmp_3_reg_1402                      |   1|   0|    1|          0|
    |tmp_419_1_reg_1398                  |   1|   0|    1|          0|
    |tmp_69_reg_1442                     |   2|   0|    2|          0|
    |tmp_69_reg_1442_pp0_iter1_reg       |   2|   0|    2|          0|
    |tmp_75_reg_1509                     |   8|   0|    8|          0|
    |tmp_s_reg_1380                      |   1|   0|    1|          0|
    |x_reg_1437                          |  13|   0|   13|          0|
    |exitcond388_i_reg_1424              |  64|  32|    1|          0|
    |or_cond_i_reg_1454                  |  64|  32|    1|          0|
    +------------------------------------+----+----+-----+-----------+
    |Total                               | 483|  64|  373|         16|
    +------------------------------------+----+----+-----+-----------+



================================================================
== Interface
================================================================
* Summary: 
+-----------------------------+-----+-----+------------+-------------------------+--------------+
|          RTL Ports          | Dir | Bits|  Protocol  |      Source Object      |    C Type    |
+-----------------------------+-----+-----+------------+-------------------------+--------------+
|ap_clk                       |  in |    1| ap_ctrl_hs |         Filter2D        | return value |
|ap_rst                       |  in |    1| ap_ctrl_hs |         Filter2D        | return value |
|ap_start                     |  in |    1| ap_ctrl_hs |         Filter2D        | return value |
|ap_done                      | out |    1| ap_ctrl_hs |         Filter2D        | return value |
|ap_idle                      | out |    1| ap_ctrl_hs |         Filter2D        | return value |
|ap_ready                     | out |    1| ap_ctrl_hs |         Filter2D        | return value |
|p_src_data_stream_V_dout     |  in |    8|   ap_fifo  |   p_src_data_stream_V   |    pointer   |
|p_src_data_stream_V_empty_n  |  in |    1|   ap_fifo  |   p_src_data_stream_V   |    pointer   |
|p_src_data_stream_V_read     | out |    1|   ap_fifo  |   p_src_data_stream_V   |    pointer   |
|p_dst_data_stream_V_din      | out |    8|   ap_fifo  |   p_dst_data_stream_V   |    pointer   |
|p_dst_data_stream_V_full_n   |  in |    1|   ap_fifo  |   p_dst_data_stream_V   |    pointer   |
|p_dst_data_stream_V_write    | out |    1|   ap_fifo  |   p_dst_data_stream_V   |    pointer   |
|p_kernel_val_0_V_1_read      |  in |    2|   ap_none  | p_kernel_val_0_V_1_read |    scalar    |
|p_kernel_val_0_V_2_read      |  in |    2|   ap_none  | p_kernel_val_0_V_2_read |    scalar    |
|p_kernel_val_1_V_0_read      |  in |    3|   ap_none  | p_kernel_val_1_V_0_read |    scalar    |
|p_kernel_val_1_V_2_read      |  in |    4|   ap_none  | p_kernel_val_1_V_2_read |    scalar    |
|p_kernel_val_2_V_0_read      |  in |    2|   ap_none  | p_kernel_val_2_V_0_read |    scalar    |
|p_kernel_val_2_V_1_read      |  in |    3|   ap_none  | p_kernel_val_2_V_1_read |    scalar    |
+-----------------------------+-----+-----+------------+-------------------------+--------------+

