

================================================================
== Vivado HLS Report for 'Sobel_filter'
================================================================
* Date:           Sun Jan 27 12:10:13 2019

* Version:        2018.2 (Build 2258646 on Thu Jun 14 20:25:20 MDT 2018)
* Project:        SobelVideoWorking
* Solution:       solution1
* Product family: artix7
* Target device:  xc7a200tsbg484-1


================================================================
== Performance Estimates
================================================================
+ Timing (ns): 
    * Summary: 
    +--------+-------+----------+------------+
    |  Clock | Target| Estimated| Uncertainty|
    +--------+-------+----------+------------+
    |ap_clk  |  10.00|    11.000|        1.25|
    +--------+-------+----------+------------+

+ Latency (clock cycles): 
    * Summary: 
    +--------+--------+--------+--------+----------+
    |     Latency     |     Interval    | Pipeline |
    |   min  |   max  |   min  |   max  |   Type   |
    +--------+--------+--------+--------+----------+
    |  943938|  943938|  943922|  943922| dataflow |
    +--------+--------+--------+--------+----------+

    + Detail: 
        * Instance: 
        +-----------------+--------------+--------+--------+--------+--------+---------+
        |                 |              |     Latency     |     Interval    | Pipeline|
        |     Instance    |    Module    |   min  |   max  |   min  |   max  |   Type  |
        +-----------------+--------------+--------+--------+--------+--------+---------+
        |AddWeighted_U0   |AddWeighted   |  943921|  943921|  943921|  943921|   none  |
        |Sobel_U0         |Sobel         |  930660|  930660|  930660|  930660|   none  |
        |Sobel_1_U0       |Sobel_1       |  930660|  930660|  930660|  930660|   none  |
        |GaussianBlur_U0  |GaussianBlur  |  930660|  930660|  930660|  930660|   none  |
        |AXIvideo2Mat_U0  |AXIvideo2Mat  |       3|  926643|       3|  926643|   none  |
        |CvtColor_1_U0    |CvtColor_1    |       1|  925921|       1|  925921|   none  |
        |Mat2AXIvideo_U0  |Mat2AXIvideo  |  924481|  924481|  924481|  924481|   none  |
        |CvtColor_U0      |CvtColor      |  923761|  923761|  923761|  923761|   none  |
        |Duplicate_U0     |Duplicate     |  923761|  923761|  923761|  923761|   none  |
        |Block_proc_U0    |Block_proc    |       0|       0|       0|       0|   none  |
        +-----------------+--------------+--------+--------+--------+--------+---------+

        * Loop: 
        N/A



================================================================
== Utilization Estimates
================================================================
* Summary: 
+-----------------+---------+-------+--------+--------+
|       Name      | BRAM_18K| DSP48E|   FF   |   LUT  |
+-----------------+---------+-------+--------+--------+
|DSP              |        -|      -|       -|       -|
|Expression       |        -|      -|       0|       4|
|FIFO             |        0|      -|      85|     320|
|Instance         |        9|     39|    5749|    9559|
|Memory           |        -|      -|       -|       -|
|Multiplexer      |        -|      -|       -|       -|
|Register         |        -|      -|       -|       -|
+-----------------+---------+-------+--------+--------+
|Total            |        9|     39|    5834|    9883|
+-----------------+---------+-------+--------+--------+
|Available        |      730|    740|  269200|  129000|
+-----------------+---------+-------+--------+--------+
|Utilization (%)  |        1|      5|       2|       7|
+-----------------+---------+-------+--------+--------+

+ Detail: 
    * Instance: 
    +-----------------+--------------+---------+-------+------+------+
    |     Instance    |    Module    | BRAM_18K| DSP48E|  FF  |  LUT |
    +-----------------+--------------+---------+-------+------+------+
    |AXIvideo2Mat_U0  |AXIvideo2Mat  |        0|      0|   345|   547|
    |AddWeighted_U0   |AddWeighted   |        0|     28|  3474|  4597|
    |Block_proc_U0    |Block_proc    |        0|      0|     2|    29|
    |CvtColor_U0      |CvtColor      |        0|      0|    40|   185|
    |CvtColor_1_U0    |CvtColor_1    |        0|      3|   238|   267|
    |Duplicate_U0     |Duplicate     |        0|      0|    40|   176|
    |GaussianBlur_U0  |GaussianBlur  |        3|      4|   516|  1069|
    |Mat2AXIvideo_U0  |Mat2AXIvideo  |        0|      0|   119|   368|
    |Sobel_U0         |Sobel         |        3|      2|   488|  1165|
    |Sobel_1_U0       |Sobel_1       |        3|      2|   487|  1156|
    +-----------------+--------------+---------+-------+------+------+
    |Total            |              |        9|     39|  5749|  9559|
    +-----------------+--------------+---------+-------+------+------+

    * DSP48: 
    N/A

    * Memory: 
    N/A

    * FIFO: 
    +------------------------+---------+---+----+------+-----+---------+
    |          Name          | BRAM_18K| FF| LUT| Depth| Bits| Size:D*B|
    +------------------------+---------+---+----+------+-----+---------+
    |img_0_cols_V_c21_U      |        0|  5|  22|     2|   12|       24|
    |img_0_cols_V_c_U        |        0|  5|  22|     2|   12|       24|
    |img_0_data_stream_0_U   |        0|  5|  18|     2|    8|       16|
    |img_0_data_stream_1_U   |        0|  5|  18|     2|    8|       16|
    |img_0_data_stream_2_U   |        0|  5|  18|     2|    8|       16|
    |img_0_rows_V_c20_U      |        0|  5|  21|     2|   11|       22|
    |img_0_rows_V_c_U        |        0|  5|  21|     2|   11|       22|
    |img_1_data_stream_0_U   |        0|  5|  18|     2|    8|       16|
    |img_2_data_stream_0_U   |        0|  5|  18|     2|    8|       16|
    |img_2a_data_stream_0_U  |        0|  5|  18|     2|    8|       16|
    |img_2b_data_stream_0_U  |        0|  5|  18|     2|    8|       16|
    |img_3_data_stream_0_U   |        0|  5|  18|     2|    8|       16|
    |img_4_data_stream_0_U   |        0|  5|  18|     2|    8|       16|
    |img_5_data_stream_0_U   |        0|  5|  18|     2|    8|       16|
    |img_6_data_stream_0_U   |        0|  5|  18|     2|    8|       16|
    |img_6_data_stream_1_U   |        0|  5|  18|     2|    8|       16|
    |img_6_data_stream_2_U   |        0|  5|  18|     2|    8|       16|
    +------------------------+---------+---+----+------+-----+---------+
    |Total                   |        0| 85| 320|    34|  150|      300|
    +------------------------+---------+---+----+------+-----+---------+

    * Expression: 
    +---------------------------+----------+-------+---+----+------------+------------+
    |       Variable Name       | Operation| DSP48E| FF| LUT| Bitwidth P0| Bitwidth P1|
    +---------------------------+----------+-------+---+----+------------+------------+
    |Duplicate_U0_start_full_n  |    and   |      0|  0|   2|           1|           1|
    |ap_idle                    |    and   |      0|  0|   2|           1|           1|
    +---------------------------+----------+-------+---+----+------------+------------+
    |Total                      |          |      0|  0|   4|           2|           2|
    +---------------------------+----------+-------+---+----+------------+------------+

    * Multiplexer: 
    N/A

    * Register: 
    N/A



================================================================
== Interface
================================================================
* Summary: 
+----------------------+-----+-----+------------+------------------------+--------------+
|       RTL Ports      | Dir | Bits|  Protocol  |      Source Object     |    C Type    |
+----------------------+-----+-----+------------+------------------------+--------------+
|INPUT_STREAM_TDATA    |  in |   24|    axis    |  INPUT_STREAM_V_data_V |    pointer   |
|INPUT_STREAM_TKEEP    |  in |    3|    axis    |  INPUT_STREAM_V_keep_V |    pointer   |
|INPUT_STREAM_TSTRB    |  in |    3|    axis    |  INPUT_STREAM_V_strb_V |    pointer   |
|INPUT_STREAM_TUSER    |  in |    1|    axis    |  INPUT_STREAM_V_user_V |    pointer   |
|INPUT_STREAM_TLAST    |  in |    1|    axis    |  INPUT_STREAM_V_last_V |    pointer   |
|INPUT_STREAM_TID      |  in |    1|    axis    |   INPUT_STREAM_V_id_V  |    pointer   |
|INPUT_STREAM_TDEST    |  in |    1|    axis    |  INPUT_STREAM_V_dest_V |    pointer   |
|INPUT_STREAM_TVALID   |  in |    1|    axis    |  INPUT_STREAM_V_dest_V |    pointer   |
|INPUT_STREAM_TREADY   | out |    1|    axis    |  INPUT_STREAM_V_dest_V |    pointer   |
|OUTPUT_STREAM_TDATA   | out |   24|    axis    | OUTPUT_STREAM_V_data_V |    pointer   |
|OUTPUT_STREAM_TKEEP   | out |    3|    axis    | OUTPUT_STREAM_V_keep_V |    pointer   |
|OUTPUT_STREAM_TSTRB   | out |    3|    axis    | OUTPUT_STREAM_V_strb_V |    pointer   |
|OUTPUT_STREAM_TUSER   | out |    1|    axis    | OUTPUT_STREAM_V_user_V |    pointer   |
|OUTPUT_STREAM_TLAST   | out |    1|    axis    | OUTPUT_STREAM_V_last_V |    pointer   |
|OUTPUT_STREAM_TID     | out |    1|    axis    |  OUTPUT_STREAM_V_id_V  |    pointer   |
|OUTPUT_STREAM_TDEST   | out |    1|    axis    | OUTPUT_STREAM_V_dest_V |    pointer   |
|OUTPUT_STREAM_TVALID  | out |    1|    axis    | OUTPUT_STREAM_V_dest_V |    pointer   |
|OUTPUT_STREAM_TREADY  |  in |    1|    axis    | OUTPUT_STREAM_V_dest_V |    pointer   |
|ap_clk                |  in |    1| ap_ctrl_hs |      Sobel_filter      | return value |
|ap_rst_n              |  in |    1| ap_ctrl_hs |      Sobel_filter      | return value |
|ap_start              |  in |    1| ap_ctrl_hs |      Sobel_filter      | return value |
|ap_done               | out |    1| ap_ctrl_hs |      Sobel_filter      | return value |
|ap_ready              | out |    1| ap_ctrl_hs |      Sobel_filter      | return value |
|ap_idle               | out |    1| ap_ctrl_hs |      Sobel_filter      | return value |
+----------------------+-----+-----+------------+------------------------+--------------+

