

================================================================
== Vivado HLS Report for 'sobel'
================================================================
* Date:           Mon Dec 10 17:59:07 2018

* Version:        2018.2 (Build 2258646 on Thu Jun 14 20:25:20 MDT 2018)
* Project:        edge3
* Solution:       solution1
* Product family: aartix7
* Target device:  xa7a12tcsg325-1q


================================================================
== Performance Estimates
================================================================
+ Timing (ns): 
    * Summary: 
    +--------+-------+----------+------------+
    |  Clock | Target| Estimated| Uncertainty|
    +--------+-------+----------+------------+
    |ap_clk  |  10.00|     0.000|        1.25|
    +--------+-------+----------+------------+

+ Latency (clock cycles): 
    * Summary: 
    +-----+-----+-----+-----+----------+
    |  Latency  |  Interval | Pipeline |
    | min | max | min | max |   Type   |
    +-----+-----+-----+-----+----------+
    |    0|    0|    ?|    ?| dataflow |
    +-----+-----+-----+-----+----------+

    + Detail: 
        * Instance: 
        N/A

        * Loop: 
        N/A



================================================================
== Utilization Estimates
================================================================
* Summary: 
+-----------------+---------+-------+-------+------+
|       Name      | BRAM_18K| DSP48E|   FF  |  LUT |
+-----------------+---------+-------+-------+------+
|DSP              |        -|      -|      -|     -|
|Expression       |        -|      -|      -|     -|
|FIFO             |        -|      -|      -|     -|
|Instance         |        -|      -|      -|     -|
|Memory           |        -|      -|      -|     -|
|Multiplexer      |        -|      -|      -|     -|
|Register         |        -|      -|      -|     -|
+-----------------+---------+-------+-------+------+
|Total            |        0|      0|      0|     0|
+-----------------+---------+-------+-------+------+
|Available        |       40|     40|  16000|  8000|
+-----------------+---------+-------+-------+------+
|Utilization (%)  |        0|      0|      0|     0|
+-----------------+---------+-------+-------+------+

+ Detail: 
    * Instance: 
    N/A

    * DSP48: 
    N/A

    * Memory: 
    N/A

    * FIFO: 
    N/A

    * Expression: 
    N/A

    * Multiplexer: 
    N/A

    * Register: 
    N/A



================================================================
== Interface
================================================================
* Summary: 
+-------------------------------------------+----+-----+--------------+-------------------------------------+--------------+
|                 RTL Ports                 | Dir| Bits|   Protocol   |            Source Object            |    C Type    |
+-------------------------------------------+----+-----+--------------+-------------------------------------+--------------+
|INPUT_STREAMINPUT_STREAM_V_data_V_TDATA    | in |   24|     axis     |  INPUT_STREAMINPUT_STREAM_V_data_V  |    pointer   |
|INPUT_STREAMINPUT_STREAM_V_keep_V_TKEEP    | in |    3|     axis     |  INPUT_STREAMINPUT_STREAM_V_keep_V  |    pointer   |
|INPUT_STREAMINPUT_STREAM_V_strb_V_TSTRB    | in |    3|     axis     |  INPUT_STREAMINPUT_STREAM_V_strb_V  |    pointer   |
|INPUT_STREAMINPUT_STREAM_V_user_V_TUSER    | in |    1|     axis     |  INPUT_STREAMINPUT_STREAM_V_user_V  |    pointer   |
|INPUT_STREAMINPUT_STREAM_V_last_V_TLAST    | in |    1|     axis     |  INPUT_STREAMINPUT_STREAM_V_last_V  |    pointer   |
|INPUT_STREAMINPUT_STREAM_V_id_V_TID        | in |    1|     axis     |   INPUT_STREAMINPUT_STREAM_V_id_V   |    pointer   |
|INPUT_STREAMINPUT_STREAM_V_dest_V_TDEST    | in |    1|     axis     |  INPUT_STREAMINPUT_STREAM_V_dest_V  |    pointer   |
|OUTPUT_STREAMOUTPUT_STREAM_V_data_V_TDATA  | in |   24|     axis     | OUTPUT_STREAMOUTPUT_STREAM_V_data_V |    pointer   |
|OUTPUT_STREAMOUTPUT_STREAM_V_keep_V_TKEEP  | in |    3|     axis     | OUTPUT_STREAMOUTPUT_STREAM_V_keep_V |    pointer   |
|OUTPUT_STREAMOUTPUT_STREAM_V_strb_V_TSTRB  | in |    3|     axis     | OUTPUT_STREAMOUTPUT_STREAM_V_strb_V |    pointer   |
|OUTPUT_STREAMOUTPUT_STREAM_V_user_V_TUSER  | in |    1|     axis     | OUTPUT_STREAMOUTPUT_STREAM_V_user_V |    pointer   |
|OUTPUT_STREAMOUTPUT_STREAM_V_last_V_TLAST  | in |    1|     axis     | OUTPUT_STREAMOUTPUT_STREAM_V_last_V |    pointer   |
|OUTPUT_STREAMOUTPUT_STREAM_V_id_V_TID      | in |    1|     axis     |  OUTPUT_STREAMOUTPUT_STREAM_V_id_V  |    pointer   |
|OUTPUT_STREAMOUTPUT_STREAM_V_dest_V_TDEST  | in |    1|     axis     | OUTPUT_STREAMOUTPUT_STREAM_V_dest_V |    pointer   |
|ap_clk                                     | in |    1| ap_ctrl_none |                sobel                | return value |
|ap_rst_n                                   | in |    1| ap_ctrl_none |                sobel                | return value |
+-------------------------------------------+----+-----+--------------+-------------------------------------+--------------+

