

================================================================
== Vivado HLS Report for 'Duplicate'
================================================================
* Date:           Wed Dec 19 22:30:18 2018

* Version:        2018.2 (Build 2258646 on Thu Jun 14 20:25:20 MDT 2018)
* Project:        SobelNewVivado
* Solution:       solution1
* Product family: artix7
* Target device:  xc7a200tsbg484-1


================================================================
== Performance Estimates
================================================================
+ Timing (ns): 
    * Summary: 
    +--------+-------+----------+------------+
    |  Clock | Target| Estimated| Uncertainty|
    +--------+-------+----------+------------+
    |ap_clk  |  10.00|     7.816|        1.25|
    +--------+-------+----------+------------+

+ Latency (clock cycles): 
    * Summary: 
    +---------+---------+---------+---------+---------+
    |      Latency      |      Interval     | Pipeline|
    |   min   |   max   |   min   |   max   |   Type  |
    +---------+---------+---------+---------+---------+
    |  2076841|  2076841|  2076841|  2076841|   none  |
    +---------+---------+---------+---------+---------+

    + Detail: 
        * Instance: 
        N/A

        * Loop: 
        +---------------+---------+---------+----------+-----------+-----------+------+----------+
        |               |      Latency      | Iteration|  Initiation Interval  | Trip |          |
        |   Loop Name   |   min   |   max   |  Latency |  achieved |   target  | Count| Pipelined|
        +---------------+---------+---------+----------+-----------+-----------+------+----------+
        |- loop_height  |  2076840|  2076840|      1923|          -|          -|  1080|    no    |
        | + loop_width  |     1920|     1920|         2|          1|          1|  1920|    yes   |
        +---------------+---------+---------+----------+-----------+-----------+------+----------+



================================================================
== Utilization Estimates
================================================================
* Summary: 
+-----------------+---------+-------+--------+--------+
|       Name      | BRAM_18K| DSP48E|   FF   |   LUT  |
+-----------------+---------+-------+--------+--------+
|DSP              |        -|      -|       -|       -|
|Expression       |        -|      -|       0|      70|
|FIFO             |        -|      -|       -|       -|
|Instance         |        -|      -|       -|       -|
|Memory           |        -|      -|       -|       -|
|Multiplexer      |        -|      -|       -|     141|
|Register         |        -|      -|      40|       -|
+-----------------+---------+-------+--------+--------+
|Total            |        0|      0|      40|     211|
+-----------------+---------+-------+--------+--------+
|Available        |      730|    740|  269200|  129000|
+-----------------+---------+-------+--------+--------+
|Utilization (%)  |        0|      0|   ~0   |   ~0   |
+-----------------+---------+-------+--------+--------+

+ Detail: 
    * Instance: 
    N/A

    * DSP48: 
    N/A

    * Memory: 
    N/A

    * FIFO: 
    N/A

    * Expression: 
    +----------------------------------+----------+-------+---+----+------------+------------+
    |           Variable Name          | Operation| DSP48E| FF| LUT| Bitwidth P0| Bitwidth P1|
    +----------------------------------+----------+-------+---+----+------------+------------+
    |i_V_fu_270_p2                     |     +    |      0|  0|  18|          11|           1|
    |j_V_fu_282_p2                     |     +    |      0|  0|  18|          11|           1|
    |ap_block_pp0_stage0_01001         |    and   |      0|  0|   2|           1|           1|
    |exitcond3_fu_264_p2               |   icmp   |      0|  0|  13|          11|          11|
    |exitcond_fu_276_p2                |   icmp   |      0|  0|  13|          11|           9|
    |ap_block_state4_pp0_stage0_iter1  |    or    |      0|  0|   2|           1|           1|
    |ap_enable_pp0                     |    xor   |      0|  0|   2|           1|           2|
    |ap_enable_reg_pp0_iter1           |    xor   |      0|  0|   2|           2|           1|
    +----------------------------------+----------+-------+---+----+------------+------------+
    |Total                             |          |      0|  0|  70|          49|          27|
    +----------------------------------+----------+-------+---+----+------------+------------+

    * Multiplexer: 
    +----------------------------+----+-----------+-----+-----------+
    |            Name            | LUT| Input Size| Bits| Total Bits|
    +----------------------------+----+-----------+-----+-----------+
    |ap_NS_fsm                   |  27|          5|    1|          5|
    |ap_enable_reg_pp0_iter1     |  15|          3|    1|          3|
    |dst1_data_stream_0_V_blk_n  |   9|          2|    1|          2|
    |dst1_data_stream_1_V_blk_n  |   9|          2|    1|          2|
    |dst1_data_stream_2_V_blk_n  |   9|          2|    1|          2|
    |dst2_data_stream_0_V_blk_n  |   9|          2|    1|          2|
    |dst2_data_stream_1_V_blk_n  |   9|          2|    1|          2|
    |dst2_data_stream_2_V_blk_n  |   9|          2|    1|          2|
    |src_data_stream_0_V_blk_n   |   9|          2|    1|          2|
    |src_data_stream_1_V_blk_n   |   9|          2|    1|          2|
    |src_data_stream_2_V_blk_n   |   9|          2|    1|          2|
    |t_V_4_reg_253               |   9|          2|   11|         22|
    |t_V_reg_242                 |   9|          2|   11|         22|
    +----------------------------+----+-----------+-----+-----------+
    |Total                       | 141|         30|   33|         70|
    +----------------------------+----+-----------+-----+-----------+

    * Register: 
    +-------------------------+----+----+-----+-----------+
    |           Name          | FF | LUT| Bits| Const Bits|
    +-------------------------+----+----+-----+-----------+
    |ap_CS_fsm                |   4|   0|    4|          0|
    |ap_enable_reg_pp0_iter0  |   1|   0|    1|          0|
    |ap_enable_reg_pp0_iter1  |   1|   0|    1|          0|
    |exitcond_reg_297         |   1|   0|    1|          0|
    |i_V_reg_292              |  11|   0|   11|          0|
    |t_V_4_reg_253            |  11|   0|   11|          0|
    |t_V_reg_242              |  11|   0|   11|          0|
    +-------------------------+----+----+-----+-----------+
    |Total                    |  40|   0|   40|          0|
    +-------------------------+----+----+-----+-----------+



================================================================
== Interface
================================================================
* Summary: 
+-----------------------------+-----+-----+------------+----------------------+--------------+
|          RTL Ports          | Dir | Bits|  Protocol  |     Source Object    |    C Type    |
+-----------------------------+-----+-----+------------+----------------------+--------------+
|ap_clk                       |  in |    1| ap_ctrl_hs |       Duplicate      | return value |
|ap_rst                       |  in |    1| ap_ctrl_hs |       Duplicate      | return value |
|ap_start                     |  in |    1| ap_ctrl_hs |       Duplicate      | return value |
|ap_done                      | out |    1| ap_ctrl_hs |       Duplicate      | return value |
|ap_idle                      | out |    1| ap_ctrl_hs |       Duplicate      | return value |
|ap_ready                     | out |    1| ap_ctrl_hs |       Duplicate      | return value |
|src_data_stream_0_V_dout     |  in |    8|   ap_fifo  |  src_data_stream_0_V |    pointer   |
|src_data_stream_0_V_empty_n  |  in |    1|   ap_fifo  |  src_data_stream_0_V |    pointer   |
|src_data_stream_0_V_read     | out |    1|   ap_fifo  |  src_data_stream_0_V |    pointer   |
|src_data_stream_1_V_dout     |  in |    8|   ap_fifo  |  src_data_stream_1_V |    pointer   |
|src_data_stream_1_V_empty_n  |  in |    1|   ap_fifo  |  src_data_stream_1_V |    pointer   |
|src_data_stream_1_V_read     | out |    1|   ap_fifo  |  src_data_stream_1_V |    pointer   |
|src_data_stream_2_V_dout     |  in |    8|   ap_fifo  |  src_data_stream_2_V |    pointer   |
|src_data_stream_2_V_empty_n  |  in |    1|   ap_fifo  |  src_data_stream_2_V |    pointer   |
|src_data_stream_2_V_read     | out |    1|   ap_fifo  |  src_data_stream_2_V |    pointer   |
|dst1_data_stream_0_V_din     | out |    8|   ap_fifo  | dst1_data_stream_0_V |    pointer   |
|dst1_data_stream_0_V_full_n  |  in |    1|   ap_fifo  | dst1_data_stream_0_V |    pointer   |
|dst1_data_stream_0_V_write   | out |    1|   ap_fifo  | dst1_data_stream_0_V |    pointer   |
|dst1_data_stream_1_V_din     | out |    8|   ap_fifo  | dst1_data_stream_1_V |    pointer   |
|dst1_data_stream_1_V_full_n  |  in |    1|   ap_fifo  | dst1_data_stream_1_V |    pointer   |
|dst1_data_stream_1_V_write   | out |    1|   ap_fifo  | dst1_data_stream_1_V |    pointer   |
|dst1_data_stream_2_V_din     | out |    8|   ap_fifo  | dst1_data_stream_2_V |    pointer   |
|dst1_data_stream_2_V_full_n  |  in |    1|   ap_fifo  | dst1_data_stream_2_V |    pointer   |
|dst1_data_stream_2_V_write   | out |    1|   ap_fifo  | dst1_data_stream_2_V |    pointer   |
|dst2_data_stream_0_V_din     | out |    8|   ap_fifo  | dst2_data_stream_0_V |    pointer   |
|dst2_data_stream_0_V_full_n  |  in |    1|   ap_fifo  | dst2_data_stream_0_V |    pointer   |
|dst2_data_stream_0_V_write   | out |    1|   ap_fifo  | dst2_data_stream_0_V |    pointer   |
|dst2_data_stream_1_V_din     | out |    8|   ap_fifo  | dst2_data_stream_1_V |    pointer   |
|dst2_data_stream_1_V_full_n  |  in |    1|   ap_fifo  | dst2_data_stream_1_V |    pointer   |
|dst2_data_stream_1_V_write   | out |    1|   ap_fifo  | dst2_data_stream_1_V |    pointer   |
|dst2_data_stream_2_V_din     | out |    8|   ap_fifo  | dst2_data_stream_2_V |    pointer   |
|dst2_data_stream_2_V_full_n  |  in |    1|   ap_fifo  | dst2_data_stream_2_V |    pointer   |
|dst2_data_stream_2_V_write   | out |    1|   ap_fifo  | dst2_data_stream_2_V |    pointer   |
+-----------------------------+-----+-----+------------+----------------------+--------------+

